
# YouTube
*youtube.com
*www.youtube.com
*m.youtube.com
*youtu.be
*googlevideo.com
*i.ytimg.com
*yt3.ggpht.com
*yt3.googleusercontent.com
*s.youtube.com
*youtube-nocookie.com
*youtubeembeddedplayer.googleapis.com
*youtubei.googleapis.com

# Google
*googleapis.com
*play.googleapis.com
*connectivitycheck.gstatic.com
*gstatic.com
*googleusercontent.com
*lh3.googleusercontent.com
*ggpht.com
*dns.google

# Instagram / Meta
*instagram.com
*cdninstagram.com
*fbcdn.net
*facebook.com

# Telegram
*t.me
*telegram.me
*telegram.org
*tdesktop.com
*telegra.ph
*telesco.pe
*telegram-cdn.org
*usercontent.telegram.org

# Apple FaceTime iCloud AV Relay
*facetime.apple.com
*ess.apple.com
*static.ess.apple.com
*av.apple.com
*avsvc.apple.com
*stun.l.apple.com
*turn.l.apple.com
*relay.l.apple.com
*relay.lcdn-apple.com
*stun.l.google.com
*push.apple.com
*push-apple.com.akadns.net
*akadns.net
*edgekey.net
*edgesuite.net

# Spotify
*spotify.com
*spoti.fi
*spotifycdn.com
*spotifycdn.net
*spotify-everywhere.com
*spotifycharts.com
*spotify.design
*spotifycodes.com
*spotifyforbrands.com
*spotifyjobs.com
*pscdn.co
*scdn.co
*spotify.com.edgesuite.net
*spotify.map.fastly.net
*spotify.map.fastlylb.net
*audio-ak-spotify-com.akamaized.net
*audio4-ak-spotify-com.akamaized.net
*heads-ak-spotify-com.akamaized.net
*heads4-ak-spotify-com.akamaized.net
*cdn-spotify-experiments.conductrics.com

# Discord
*discord.com
*discordapp.com
*discordapp.net
*discord.gg
*discord.gift
*discord.co
*discord.dev
*discord.new
*discord.media
*discordcdn.com
*discordstatus.com
*dis.gd
*discord.app
34.0.190.1-34.0.254.254
35.207.60.1-35.207.254.254
35.214.128.1-35.214.254.254
35.219.217.1-35.219.217.254
35.219.254.1-35.219.254.254
66.22.190.1-66.22.254.254

# OpenAI Anthropic
*openai.com
*chatgpt.com
*oaistatic.com
*oaiusercontent.com
*anthropic.com
*claude.ai
*claudeusercontent.com

# Docker
*auth.docker.io
*hub.docker.com
*registry-1.docker.io
*prodregistryv2.org

# WhatsApp
*whatsapp.com
*whatsapp.net
*voice.whatsapp.net
*media.whatsapp.net
*media.fna.whatsapp.net
*mmg.whatsapp.net
*fna.whatsapp.net
*wacdn.net
*wacdn.com
*web.whatsapp.com
*web.whatsapp.net

# Viber
*viber.com
*api.viber.com
*download.viber.com
*media.viber.com
*cdn.viber.com
*sticker.viber.com
*mqtt-mini.viber.com
*chatapi.viber.com
*turn.viber.com
*turn1.viber.com
*turn2.viber.com
*turn3.viber.com
*relay.viber.com
*rackcdn.com
*cloudfront.net

# Pornhub Network
*pornhub.com
*pornhub.org
*phncdn.com
*ei.phncdn.com

# Trackers / Media
*kino.pub
*nnmclub.to
*nnmstatic.win
*rutracker.org
*rutracker.cc
*rutrk.org
*flibusta.is

# Sonarr / Radarr / Lidarr
*sonarr.tv
*radarr.video
*lidarr.audio

# Tech / Vendors
*intel.com
*oracle.com
*autodesk.com
*tableau.com
*tableausoftware.com
*vertica.com
*ui.com
*ubnt.com
*fw-download.ubnt.com

# Social / Blogs / News
*habr.com
*medium.com
*linkedin.com
*licdn.com
*ntc.party
*4pda.to

# Twitter / X
*x.com
*twitter.com
*twimg.com

# VPN / Privacy
*nordvpn.com
*proton.me
*getoutline.com

# Misc
*ipinfo.io
*speedtestcustom.com
*soundcloud.com

